# DATE          TOTAL      BGR     ETHZ      GFZ     INGV     IPGP   
2016-01    729.0    167.0      0.0    286.0    136.0    140.0
2016-02    716.0    154.0      0.0    301.0    143.0     38.0
2016-11    252.0     45.0      0.0    103.0     62.0     12.0
2016-12    399.0     80.0      0.0    184.0     86.0     49.0
